<html>
<body>
<pre>
<h1>�Vision Build Log</h1>
<h2>Tool Versions:</h2>
IDE-Version: ��Vision V5.39.0.0
Copyright (C) 2023 ARM Ltd and ARM Germany GmbH. All rights reserved.
License Information: Li half, 1, LIC=WHYH9-4LVNG-303NC-7K85N-UNX0E-DVAHJ
 
Tool Versions:
Toolchain:       MDK-ARM Plus  Version: 5.39.0.0
Toolchain Path:  C:\Keil_v5\ARM\ARMCLANG\Bin
C Compiler:      ArmClang.exe V6.21
Assembler:       Armasm.exe V6.21
Linker/Locator:  ArmLink.exe V6.21
Library Manager: ArmAr.exe V6.21
Hex Converter:   FromElf.exe V6.21
CPU DLL:         SARMCM3.DLL V5.39.0.0
Dialog DLL:      DARMCM1.DLL V1.19.6.0
Target DLL:      CMSIS_AGDI.dll V1.33.16.0
Dialog DLL:      TARMCM1.DLL V1.14.6.0
 
<h2>Project:</h2>
D:\MSPM0\MSPM0G3507\[9]Serial_port_screen\keil\GPIO_SET.uvprojx
Project File Date:  07/18/2025

<h2>Output:</h2>
*** Using Compiler 'V6.21', folder: 'C:\Keil_v5\ARM\ARMCLANG\Bin'
Build target 'Target 1'
mian.c(2): warning: In file included from...
../MCU_Drives\tjc_usart_hmi.h(19): warning: invalid UTF-8 in comment [-Winvalid-utf8]
   19 |         <B4><F2>ӡ<B5><BD><C6><C1>Ļ<B4><AE><BF><DA>
      |         ^
../MCU_Drives\tjc_usart_hmi.h(19): warning: invalid UTF-8 in comment [-Winvalid-utf8]
   19 |         <B4><F2>ӡ<B5><BD><C6><C1>Ļ<B4><AE><BF><DA>
      |                  ^
../MCU_Drives\tjc_usart_hmi.h(19): warning: invalid UTF-8 in comment [-Winvalid-utf8]
   19 |         <B4><F2>ӡ<B5><BD><C6><C1>Ļ<B4><AE><BF><DA>
      |                                   ^
../MCU_Drives\tjc_usart_hmi.h(30): warning: invalid UTF-8 in comment [-Winvalid-utf8]
   30 | #define RINGBUFF_LEN    (500)     //<B6><A8><D2><E5><D7><EE><B4><F3><BD><D3><CA><D5><D7>ֽ<DA><CA><FD> 500
      |                                     ^
../MCU_Drives\tjc_usart_hmi.h(30): warning: invalid UTF-8 in comment [-Winvalid-utf8]
   30 | #define RINGBUFF_LEN    (500)     //<B6><A8><D2><E5><D7><EE><B4><F3><BD><D3><CA><D5><D7>ֽ<DA><CA><FD> 500
      |                                                                                         ^
mian.c(8): warning: no previous extern declaration for non-static variable 'delay_times' [-Wmissing-variable-declarations]
    8 | volatile uint32_t delay_times = 0;
      |                   ^
mian.c(8): note: declare 'static' if the variable is not intended to be used outside of this translation unit
    8 | volatile uint32_t delay_times = 0;
      |          ^
mian.c(9): warning: no previous extern declaration for non-static variable 'uart_data' [-Wmissing-variable-declarations]
    9 | volatile uint8_t uart_data = 0;
      |                  ^
mian.c(9): note: declare 'static' if the variable is not intended to be used outside of this translation unit
    9 | volatile uint8_t uart_data = 0;
      |          ^
mian.c(10): warning: no previous extern declaration for non-static variable 'now_time' [-Wmissing-variable-declarations]
   10 | volatile uint32_t now_time = 0;
      |                   ^
mian.c(10): note: declare 'static' if the variable is not intended to be used outside of this translation unit
   10 | volatile uint32_t now_time = 0;
      |          ^
mian.c(17): warning: invalid UTF-8 in comment [-Winvalid-utf8]
   17 |    // <C7><E5><B3><FD><B4><AE><BF><DA><D6>жϱ<EA>־
      |       ^
mian.c(17): warning: invalid UTF-8 in comment [-Winvalid-utf8]
   17 |    // <C7><E5><B3><FD><B4><AE><BF><DA><D6>жϱ<EA>־
      |                                             ^
mian.c(19): warning: invalid UTF-8 in comment [-Winvalid-utf8]
   19 |    // ʹ<C4>ܴ<AE><BF><DA><D6>ж<CF>
      |        ^
mian.c(19): warning: invalid UTF-8 in comment [-Winvalid-utf8]
   19 |    // ʹ<C4>ܴ<AE><BF><DA><D6>ж<CF>
      |            ^
mian.c(19): warning: invalid UTF-8 in comment [-Winvalid-utf8]
   19 |    // ʹ<C4>ܴ<AE><BF><DA><D6>ж<CF>
      |                             ^
mian.c(47): warning: invalid UTF-8 in comment [-Winvalid-utf8]
   47 |       // stm32f103<B5><C4>GND<BD>Ӵ<AE><BF><DA><C6><C1><BB><U+B4BBF>ڹ<A4><BE>ߵ<C4>GND,<B9><B2><B5><D8>
      |                   ^
mian.c(47): warning: invalid UTF-8 in comment [-Winvalid-utf8]
   47 |       // stm32f103<B5><C4>GND<BD>Ӵ<AE><BF><DA><C6><C1><BB><U+B4BBF>ڹ<A4><BE>ߵ<C4>GND,<B9><B2><B5><D8>
      |                              ^
mian.c(47): warning: invalid UTF-8 in comment [-Winvalid-utf8]
   47 |       // stm32f103<B5><C4>GND<BD>Ӵ<AE><BF><DA><C6><C1><BB><U+B4BBF>ڹ<A4><BE>ߵ<C4>GND,<B9><B2><B5><D8>
      |                                   ^
mian.c(47): warning: invalid UTF-8 in comment [-Winvalid-utf8]
   47 |       // stm32f103<B5><C4>GND<BD>Ӵ<AE><BF><DA><C6><C1><BB><U+B4BBF>ڹ<A4><BE>ߵ<C4>GND,<B9><B2><B5><D8>
      |                                                                     ^
mian.c(47): warning: invalid UTF-8 in comment [-Winvalid-utf8]
   47 |       // stm32f103<B5><C4>GND<BD>Ӵ<AE><BF><DA><C6><C1><BB><U+B4BBF>ڹ<A4><BE>ߵ<C4>GND,<B9><B2><B5><D8>
      |                                                                              ^
mian.c(47): warning: invalid UTF-8 in comment [-Winvalid-utf8]
   47 |       // stm32f103<B5><C4>GND<BD>Ӵ<AE><BF><DA><C6><C1><BB><U+B4BBF>ڹ<A4><BE>ߵ<C4>GND,<B9><B2><B5><D8>
      |                                                                                      ^
mian.c(48): warning: invalid UTF-8 in comment [-Winvalid-utf8]
   48 |       // stm32f103<B5><C4>TX1(PA9)<BD>Ӵ<AE><BF><DA><C6><C1><BB><U+B4BBF>ڹ<A4><BE>ߵ<C4>RX
      |                   ^
mian.c(48): warning: invalid UTF-8 in comment [-Winvalid-utf8]
   48 |       // stm32f103<B5><C4>TX1(PA9)<BD>Ӵ<AE><BF><DA><C6><C1><BB><U+B4BBF>ڹ<A4><BE>ߵ<C4>RX
      |                                   ^
mian.c(48): warning: invalid UTF-8 in comment [-Winvalid-utf8]
   48 |       // stm32f103<B5><C4>TX1(PA9)<BD>Ӵ<AE><BF><DA><C6><C1><BB><U+B4BBF>ڹ<A4><BE>ߵ<C4>RX
      |                                        ^
mian.c(48): warning: invalid UTF-8 in comment [-Winvalid-utf8]
   48 |       // stm32f103<B5><C4>TX1(PA9)<BD>Ӵ<AE><BF><DA><C6><C1><BB><U+B4BBF>ڹ<A4><BE>ߵ<C4>RX
      |                                                                          ^
mian.c(48): warning: invalid UTF-8 in comment [-Winvalid-utf8]
   48 |       // stm32f103<B5><C4>TX1(PA9)<BD>Ӵ<AE><BF><DA><C6><C1><BB><U+B4BBF>ڹ<A4><BE>ߵ<C4>RX
      |                                                                                   ^
mian.c(49): warning: invalid UTF-8 in comment [-Winvalid-utf8]
   49 |       // stm32f103<B5><C4>RX1(PA10)<BD>Ӵ<AE><BF><DA><C6><C1><BB><U+B4BBF>ڹ<A4><BE>ߵ<C4>TX
      |                   ^
mian.c(49): warning: invalid UTF-8 in comment [-Winvalid-utf8]
   49 |       // stm32f103<B5><C4>RX1(PA10)<BD>Ӵ<AE><BF><DA><C6><C1><BB><U+B4BBF>ڹ<A4><BE>ߵ<C4>TX
      |                                    ^
mian.c(49): warning: invalid UTF-8 in comment [-Winvalid-utf8]
   49 |       // stm32f103<B5><C4>RX1(PA10)<BD>Ӵ<AE><BF><DA><C6><C1><BB><U+B4BBF>ڹ<A4><BE>ߵ<C4>TX
      |                                         ^
mian.c(49): warning: invalid UTF-8 in comment [-Winvalid-utf8]
   49 |       // stm32f103<B5><C4>RX1(PA10)<BD>Ӵ<AE><BF><DA><C6><C1><BB><U+B4BBF>ڹ<A4><BE>ߵ<C4>TX
      |                                                                           ^
mian.c(49): warning: invalid UTF-8 in comment [-Winvalid-utf8]
   49 |       // stm32f103<B5><C4>RX1(PA10)<BD>Ӵ<AE><BF><DA><C6><C1><BB><U+B4BBF>ڹ<A4><BE>ߵ<C4>TX
      |                                                                                    ^
mian.c(50): warning: invalid UTF-8 in comment [-Winvalid-utf8]
   50 |       // stm32f103<B5><C4>5V<BD>Ӵ<AE><BF><DA><C6><C1><B5><C4>5V,<C8><E7><B9><FB><CA>Ǵ<AE><BF>ڹ<A4><BE><DF>,<B2><BB><D3>ý<D3>5VҲ<BF><C9><D2><D4>
      |                   ^
mian.c(50): warning: invalid UTF-8 in comment [-Winvalid-utf8]
   50 |       // stm32f103<B5><C4>5V<BD>Ӵ<AE><BF><DA><C6><C1><B5><C4>5V,<C8><E7><B9><FB><CA>Ǵ<AE><BF>ڹ<A4><BE><DF>,<B2><BB><D3>ý<D3>5VҲ<BF><C9><D2><D4>
      |                             ^
mian.c(50): warning: invalid UTF-8 in comment [-Winvalid-utf8]
   50 |       // stm32f103<B5><C4>5V<BD>Ӵ<AE><BF><DA><C6><C1><B5><C4>5V,<C8><E7><B9><FB><CA>Ǵ<AE><BF>ڹ<A4><BE><DF>,<B2><BB><D3>ý<D3>5VҲ<BF><C9><D2><D4>
      |                                  ^
mian.c(50): warning: invalid UTF-8 in comment [-Winvalid-utf8]
   50 |       // stm32f103<B5><C4>5V<BD>Ӵ<AE><BF><DA><C6><C1><B5><C4>5V,<C8><E7><B9><FB><CA>Ǵ<AE><BF>ڹ<A4><BE><DF>,<B2><BB><D3>ý<D3>5VҲ<BF><C9><D2><D4>
      |                                                                 ^
mian.c(50): warning: invalid UTF-8 in comment [-Winvalid-utf8]
   50 |       // stm32f103<B5><C4>5V<BD>Ӵ<AE><BF><DA><C6><C1><B5><C4>5V,<C8><E7><B9><FB><CA>Ǵ<AE><BF>ڹ<A4><BE><DF>,<B2><BB><D3>ý<D3>5VҲ<BF><C9><D2><D4>
      |                                                                                      ^
mian.c(50): warning: invalid UTF-8 in comment [-Winvalid-utf8]
   50 |       // stm32f103<B5><C4>5V<BD>Ӵ<AE><BF><DA><C6><C1><B5><C4>5V,<C8><E7><B9><FB><CA>Ǵ<AE><BF>ڹ<A4><BE><DF>,<B2><BB><D3>ý<D3>5VҲ<BF><C9><D2><D4>
      |                                                                                               ^
mian.c(50): warning: invalid UTF-8 in comment [-Winvalid-utf8]
   50 |       // stm32f103<B5><C4>5V<BD>Ӵ<AE><BF><DA><C6><C1><B5><C4>5V,<C8><E7><B9><FB><CA>Ǵ<AE><BF>ڹ<A4><BE><DF>,<B2><BB><D3>ý<D3>5VҲ<BF><C9><D2><D4>
      |                                                                                                            ^
mian.c(50): warning: invalid UTF-8 in comment [-Winvalid-utf8]
   50 |       // stm32f103<B5><C4>5V<BD>Ӵ<AE><BF><DA><C6><C1><B5><C4>5V,<C8><E7><B9><FB><CA>Ǵ<AE><BF>ڹ<A4><BE><DF>,<B2><BB><D3>ý<D3>5VҲ<BF><C9><D2><D4>
      |                                                                                                                         ^
mian.c(50): warning: invalid UTF-8 in comment [-Winvalid-utf8]
   50 |       // stm32f103<B5><C4>5V<BD>Ӵ<AE><BF><DA><C6><C1><B5><C4>5V,<C8><E7><B9><FB><CA>Ǵ<AE><BF>ڹ<A4><BE><DF>,<B2><BB><D3>ý<D3>5VҲ<BF><C9><D2><D4>
      |                                                                                                                                ^
mian.c(52): warning: invalid UTF-8 in comment [-Winvalid-utf8]
   52 |       // <B4><AE><BF><DA><CA><FD><BE>ݸ<F1>ʽ<A3><BA>
      |          ^
mian.c(52): warning: invalid UTF-8 in comment [-Winvalid-utf8]
   52 |       // <B4><AE><BF><DA><CA><FD><BE>ݸ<F1>ʽ<A3><BA>
      |                                       ^
mian.c(52): warning: invalid UTF-8 in comment [-Winvalid-utf8]
   52 |       // <B4><AE><BF><DA><CA><FD><BE>ݸ<F1>ʽ<A3><BA>
      |                                            ^
mian.c(53): warning: invalid UTF-8 in comment [-Winvalid-utf8]
   53 |       // <B4><AE><BF><DA><CA><FD><BE><DD>֡<B3><A4><B6>ȣ<BA>7<D7>ֽ<DA>
      |          ^
mian.c(53): warning: invalid UTF-8 in comment [-Winvalid-utf8]
   53 |       // <B4><AE><BF><DA><CA><FD><BE><DD>֡<B3><A4><B6>ȣ<BA>7<D7>ֽ<DA>
      |                                          ^
mian.c(53): warning: invalid UTF-8 in comment [-Winvalid-utf8]
   53 |       // <B4><AE><BF><DA><CA><FD><BE><DD>֡<B3><A4><B6>ȣ<BA>7<D7>ֽ<DA>
      |                                                       ^
mian.c(53): warning: invalid UTF-8 in comment [-Winvalid-utf8]
   53 |       // <B4><AE><BF><DA><CA><FD><BE><DD>֡<B3><A4><B6>ȣ<BA>7<D7>ֽ<DA>
      |                                                            ^
mian.c(53): warning: invalid UTF-8 in comment [-Winvalid-utf8]
   53 |       // <B4><AE><BF><DA><CA><FD><BE><DD>֡<B3><A4><B6>ȣ<BA>7<D7>ֽ<DA>
      |                                                                ^
mian.c(54): warning: invalid UTF-8 in comment [-Winvalid-utf8]
   54 |       // ֡ͷ     <B2><CE><CA><FD>1    <B2><CE><CA><FD>2   <B2><CE><CA><FD>3       ֡β
      |                ^
mian.c(54): warning: invalid UTF-8 in comment [-Winvalid-utf8]
   54 |       // ֡ͷ     <B2><CE><CA><FD>1    <B2><CE><CA><FD>2   <B2><CE><CA><FD>3       ֡β
      |                                     ^
mian.c(54): warning: invalid UTF-8 in comment [-Winvalid-utf8]
   54 |       // ֡ͷ     <B2><CE><CA><FD>1    <B2><CE><CA><FD>2   <B2><CE><CA><FD>3       ֡β
      |                                                         ^
mian.c(55): warning: invalid UTF-8 in comment [-Winvalid-utf8]
   55 |       // 0x55     1<D7>ֽ<DA>   1<D7>ֽ<DA>    1<D7>ֽ<DA>     0xffffff
      |                    ^
mian.c(55): warning: invalid UTF-8 in comment [-Winvalid-utf8]
   55 |       // 0x55     1<D7>ֽ<DA>   1<D7>ֽ<DA>    1<D7>ֽ<DA>     0xffffff
      |                        ^
mian.c(55): warning: invalid UTF-8 in comment [-Winvalid-utf8]
   55 |       // 0x55     1<D7>ֽ<DA>   1<D7>ֽ<DA>    1<D7>ֽ<DA>     0xffffff
      |                                ^
mian.c(55): warning: invalid UTF-8 in comment [-Winvalid-utf8]
   55 |       // 0x55     1<D7>ֽ<DA>   1<D7>ֽ<DA>    1<D7>ֽ<DA>     0xffffff
      |                                    ^
mian.c(55): warning: invalid UTF-8 in comment [-Winvalid-utf8]
   55 |       // 0x55     1<D7>ֽ<DA>   1<D7>ֽ<DA>    1<D7>ֽ<DA>     0xffffff
      |                                             ^
mian.c(55): warning: invalid UTF-8 in comment [-Winvalid-utf8]
   55 |       // 0x55     1<D7>ֽ<DA>   1<D7>ֽ<DA>    1<D7>ֽ<DA>     0xffffff
      |                                                 ^
mian.c(56): warning: invalid UTF-8 in comment [-Winvalid-utf8]
   56 |       // <B5><B1><B2><CE><CA><FD><CA><C7>01ʱ
      |          ^
mian.c(57): warning: invalid UTF-8 in comment [-Winvalid-utf8]
   57 |       // ֡ͷ     <B2><CE><CA><FD>1    <B2><CE><CA><FD>2   <B2><CE><CA><FD>3       ֡β
      |                ^
mian.c(57): warning: invalid UTF-8 in comment [-Winvalid-utf8]
   57 |       // ֡ͷ     <B2><CE><CA><FD>1    <B2><CE><CA><FD>2   <B2><CE><CA><FD>3       ֡β
      |                                     ^
mian.c(57): warning: invalid UTF-8 in comment [-Winvalid-utf8]
   57 |       // ֡ͷ     <B2><CE><CA><FD>1    <B2><CE><CA><FD>2   <B2><CE><CA><FD>3       ֡β
      |                                                         ^
mian.c(58): warning: invalid UTF-8 in comment [-Winvalid-utf8]
   58 |       // 0x55     01     led<B1><E0><BA><C5>  led״̬    0xffffff
      |                             ^
mian.c(59): warning: invalid UTF-8 in comment [-Winvalid-utf8]
   59 |       // <C0><FD><D7><D3>1<A3><BA><C9><CF>λ<BB><FA><B4><FA><C2><EB>  printh 55 01 01 00 ff ff ff  <BA><AC><D2>壺1<BA><C5>led<B9>ر<D5>
      |          ^
mian.c(59): warning: invalid UTF-8 in comment [-Winvalid-utf8]
   59 |       // <C0><FD><D7><D3>1<A3><BA><C9><CF>λ<BB><FA><B4><FA><C2><EB>  printh 55 01 01 00 ff ff ff  <BA><AC><D2>壺1<BA><C5>led<B9>ر<D5>
      |                           ^
mian.c(59): warning: invalid UTF-8 in comment [-Winvalid-utf8]
   59 |       // <C0><FD><D7><D3>1<A3><BA><C9><CF>λ<BB><FA><B4><FA><C2><EB>  printh 55 01 01 00 ff ff ff  <BA><AC><D2>壺1<BA><C5>led<B9>ر<D5>
      |                                            ^
mian.c(59): warning: invalid UTF-8 in comment [-Winvalid-utf8]
   59 |       // <C0><FD><D7><D3>1<A3><BA><C9><CF>λ<BB><FA><B4><FA><C2><EB>  printh 55 01 01 00 ff ff ff  <BA><AC><D2>壺1<BA><C5>led<B9>ر<D5>
      |                                                                                                   ^
mian.c(59): warning: invalid UTF-8 in comment [-Winvalid-utf8]
   59 |       // <C0><FD><D7><D3>1<A3><BA><C9><CF>λ<BB><FA><B4><FA><C2><EB>  printh 55 01 01 00 ff ff ff  <BA><AC><D2>壺1<BA><C5>led<B9>ر<D5>
      |                                                                                                                  ^
mian.c(59): warning: invalid UTF-8 in comment [-Winvalid-utf8]
   59 |       // <C0><FD><D7><D3>1<A3><BA><C9><CF>λ<BB><FA><B4><FA><C2><EB>  printh 55 01 01 00 ff ff ff  <BA><AC><D2>壺1<BA><C5>led<B9>ر<D5>
      |                                                                                                                             ^
mian.c(59): warning: invalid UTF-8 in comment [-Winvalid-utf8]
   59 |       // <C0><FD><D7><D3>1<A3><BA><C9><CF>λ<BB><FA><B4><FA><C2><EB>  printh 55 01 01 00 ff ff ff  <BA><AC><D2>壺1<BA><C5>led<B9>ر<D5>
      |                                                                                                                                  ^
mian.c(60): warning: invalid UTF-8 in comment [-Winvalid-utf8]
   60 |       // <C0><FD><D7><D3>2<A3><BA><C9><CF>λ<BB><FA><B4><FA><C2><EB>  printh 55 01 04 01 ff ff ff  <BA><AC><D2>壺4<BA><C5>led<B4><F2><BF><AA>
      |          ^
mian.c(60): warning: invalid UTF-8 in comment [-Winvalid-utf8]
   60 |       // <C0><FD><D7><D3>2<A3><BA><C9><CF>λ<BB><FA><B4><FA><C2><EB>  printh 55 01 04 01 ff ff ff  <BA><AC><D2>壺4<BA><C5>led<B4><F2><BF><AA>
      |                           ^
mian.c(60): warning: invalid UTF-8 in comment [-Winvalid-utf8]
   60 |       // <C0><FD><D7><D3>2<A3><BA><C9><CF>λ<BB><FA><B4><FA><C2><EB>  printh 55 01 04 01 ff ff ff  <BA><AC><D2>壺4<BA><C5>led<B4><F2><BF><AA>
      |                                            ^
mian.c(60): warning: invalid UTF-8 in comment [-Winvalid-utf8]
   60 |       // <C0><FD><D7><D3>2<A3><BA><C9><CF>λ<BB><FA><B4><FA><C2><EB>  printh 55 01 04 01 ff ff ff  <BA><AC><D2>壺4<BA><C5>led<B4><F2><BF><AA>
      |                                                                                                   ^
mian.c(60): warning: invalid UTF-8 in comment [-Winvalid-utf8]
   60 |       // <C0><FD><D7><D3>2<A3><BA><C9><CF>λ<BB><FA><B4><FA><C2><EB>  printh 55 01 04 01 ff ff ff  <BA><AC><D2>壺4<BA><C5>led<B4><F2><BF><AA>
      |                                                                                                                  ^
mian.c(60): warning: invalid UTF-8 in comment [-Winvalid-utf8]
   60 |       // <C0><FD><D7><D3>2<A3><BA><C9><CF>λ<BB><FA><B4><FA><C2><EB>  printh 55 01 04 01 ff ff ff  <BA><AC><D2>壺4<BA><C5>led<B4><F2><BF><AA>
      |                                                                                                                             ^
mian.c(61): warning: invalid UTF-8 in comment [-Winvalid-utf8]
   61 |       // <C0><FD><D7><D3>3<A3><BA><C9><CF>λ<BB><FA><B4><FA><C2><EB>  printh 55 01 00 01 ff ff ff  <BA><AC><D2>壺0<BA><C5>led<B4><F2><BF><AA>
      |          ^
mian.c(61): warning: invalid UTF-8 in comment [-Winvalid-utf8]
   61 |       // <C0><FD><D7><D3>3<A3><BA><C9><CF>λ<BB><FA><B4><FA><C2><EB>  printh 55 01 00 01 ff ff ff  <BA><AC><D2>壺0<BA><C5>led<B4><F2><BF><AA>
      |                           ^
mian.c(61): warning: invalid UTF-8 in comment [-Winvalid-utf8]
   61 |       // <C0><FD><D7><D3>3<A3><BA><C9><CF>λ<BB><FA><B4><FA><C2><EB>  printh 55 01 00 01 ff ff ff  <BA><AC><D2>壺0<BA><C5>led<B4><F2><BF><AA>
      |                                            ^
mian.c(61): warning: invalid UTF-8 in comment [-Winvalid-utf8]
   61 |       // <C0><FD><D7><D3>3<A3><BA><C9><CF>λ<BB><FA><B4><FA><C2><EB>  printh 55 01 00 01 ff ff ff  <BA><AC><D2>壺0<BA><C5>led<B4><F2><BF><AA>
      |                                                                                                   ^
mian.c(61): warning: invalid UTF-8 in comment [-Winvalid-utf8]
   61 |       // <C0><FD><D7><D3>3<A3><BA><C9><CF>λ<BB><FA><B4><FA><C2><EB>  printh 55 01 00 01 ff ff ff  <BA><AC><D2>壺0<BA><C5>led<B4><F2><BF><AA>
      |                                                                                                                  ^
mian.c(61): warning: invalid UTF-8 in comment [-Winvalid-utf8]
   61 |       // <C0><FD><D7><D3>3<A3><BA><C9><CF>λ<BB><FA><B4><FA><C2><EB>  printh 55 01 00 01 ff ff ff  <BA><AC><D2>壺0<BA><C5>led<B4><F2><BF><AA>
      |                                                                                                                             ^
mian.c(62): warning: invalid UTF-8 in comment [-Winvalid-utf8]
   62 |       // <C0><FD><D7><D3>4<A3><BA><C9><CF>λ<BB><FA><B4><FA><C2><EB>  printh 55 01 04 00 ff ff ff  <BA><AC><D2>壺4<BA><C5>led<B9>ر<D5>
      |          ^
mian.c(62): warning: invalid UTF-8 in comment [-Winvalid-utf8]
   62 |       // <C0><FD><D7><D3>4<A3><BA><C9><CF>λ<BB><FA><B4><FA><C2><EB>  printh 55 01 04 00 ff ff ff  <BA><AC><D2>壺4<BA><C5>led<B9>ر<D5>
      |                           ^
mian.c(62): warning: invalid UTF-8 in comment [-Winvalid-utf8]
   62 |       // <C0><FD><D7><D3>4<A3><BA><C9><CF>λ<BB><FA><B4><FA><C2><EB>  printh 55 01 04 00 ff ff ff  <BA><AC><D2>壺4<BA><C5>led<B9>ر<D5>
      |                                            ^
mian.c(62): warning: invalid UTF-8 in comment [-Winvalid-utf8]
   62 |       // <C0><FD><D7><D3>4<A3><BA><C9><CF>λ<BB><FA><B4><FA><C2><EB>  printh 55 01 04 00 ff ff ff  <BA><AC><D2>壺4<BA><C5>led<B9>ر<D5>
      |                                                                                                   ^
mian.c(62): warning: invalid UTF-8 in comment [-Winvalid-utf8]
   62 |       // <C0><FD><D7><D3>4<A3><BA><C9><CF>λ<BB><FA><B4><FA><C2><EB>  printh 55 01 04 00 ff ff ff  <BA><AC><D2>壺4<BA><C5>led<B9>ر<D5>
      |                                                                                                                  ^
mian.c(62): warning: invalid UTF-8 in comment [-Winvalid-utf8]
   62 |       // <C0><FD><D7><D3>4<A3><BA><C9><CF>λ<BB><FA><B4><FA><C2><EB>  printh 55 01 04 00 ff ff ff  <BA><AC><D2>壺4<BA><C5>led<B9>ر<D5>
      |                                                                                                                             ^
mian.c(62): warning: invalid UTF-8 in comment [-Winvalid-utf8]
   62 |       // <C0><FD><D7><D3>4<A3><BA><C9><CF>λ<BB><FA><B4><FA><C2><EB>  printh 55 01 04 00 ff ff ff  <BA><AC><D2>壺4<BA><C5>led<B9>ر<D5>
      |                                                                                                                                  ^
mian.c(64): warning: invalid UTF-8 in comment [-Winvalid-utf8]
   64 |       // <B5><B1><B2><CE><CA><FD><CA><C7>02<BB><F2>03ʱ
      |          ^
mian.c(64): warning: invalid UTF-8 in comment [-Winvalid-utf8]
   64 |       // <B5><B1><B2><CE><CA><FD><CA><C7>02<BB><F2>03ʱ
      |                                            ^
mian.c(65): warning: invalid UTF-8 in comment [-Winvalid-utf8]
   65 |       // ֡ͷ     <B2><CE><CA><FD>1    <B2><CE><CA><FD>2   <B2><CE><CA><FD>3       ֡β
      |                ^
mian.c(65): warning: invalid UTF-8 in comment [-Winvalid-utf8]
   65 |       // ֡ͷ     <B2><CE><CA><FD>1    <B2><CE><CA><FD>2   <B2><CE><CA><FD>3       ֡β
      |                                     ^
mian.c(65): warning: invalid UTF-8 in comment [-Winvalid-utf8]
   65 |       // ֡ͷ     <B2><CE><CA><FD>1    <B2><CE><CA><FD>2   <B2><CE><CA><FD>3       ֡β
      |                                                         ^
mian.c(66): warning: invalid UTF-8 in comment [-Winvalid-utf8]
   66 |       // 0x55     02/03   <BB><AC><B6><AF>ֵ    00    0xffffff
      |                           ^
mian.c(67): warning: invalid UTF-8 in comment [-Winvalid-utf8]
   67 |       // <C0><FD><D7><D3>1<A3><BA><C9><CF>λ<BB><FA><B4><FA><C2><EB>  printh 55 02 64 00 ff ff ff  <BA><AC><D2>壺h0.val=100
      |          ^
mian.c(67): warning: invalid UTF-8 in comment [-Winvalid-utf8]
   67 |       // <C0><FD><D7><D3>1<A3><BA><C9><CF>λ<BB><FA><B4><FA><C2><EB>  printh 55 02 64 00 ff ff ff  <BA><AC><D2>壺h0.val=100
      |                           ^
mian.c(67): warning: invalid UTF-8 in comment [-Winvalid-utf8]
   67 |       // <C0><FD><D7><D3>1<A3><BA><C9><CF>λ<BB><FA><B4><FA><C2><EB>  printh 55 02 64 00 ff ff ff  <BA><AC><D2>壺h0.val=100
      |                                            ^
mian.c(67): warning: invalid UTF-8 in comment [-Winvalid-utf8]
   67 |       // <C0><FD><D7><D3>1<A3><BA><C9><CF>λ<BB><FA><B4><FA><C2><EB>  printh 55 02 64 00 ff ff ff  <BA><AC><D2>壺h0.val=100
      |                                                                                                   ^
mian.c(68): warning: invalid UTF-8 in comment [-Winvalid-utf8]
   68 |       // <C0><FD><D7><D3>2<A3><BA><C9><CF>λ<BB><FA><B4><FA><C2><EB>  printh 55 02 00 00 ff ff ff  <BA><AC><D2>壺h0.val=0
      |          ^
mian.c(68): warning: invalid UTF-8 in comment [-Winvalid-utf8]
   68 |       // <C0><FD><D7><D3>2<A3><BA><C9><CF>λ<BB><FA><B4><FA><C2><EB>  printh 55 02 00 00 ff ff ff  <BA><AC><D2>壺h0.val=0
      |                           ^
mian.c(68): warning: invalid UTF-8 in comment [-Winvalid-utf8]
   68 |       // <C0><FD><D7><D3>2<A3><BA><C9><CF>λ<BB><FA><B4><FA><C2><EB>  printh 55 02 00 00 ff ff ff  <BA><AC><D2>壺h0.val=0
      |                                            ^
mian.c(68): warning: invalid UTF-8 in comment [-Winvalid-utf8]
   68 |       // <C0><FD><D7><D3>2<A3><BA><C9><CF>λ<BB><FA><B4><FA><C2><EB>  printh 55 02 00 00 ff ff ff  <BA><AC><D2>壺h0.val=0
      |                                                                                                   ^
mian.c(69): warning: invalid UTF-8 in comment [-Winvalid-utf8]
   69 |       // <C0><FD><D7><D3>3<A3><BA><C9><CF>λ<BB><FA><B4><FA><C2><EB>  printh 55 03 64 00 ff ff ff  <BA><AC><D2>壺h1.val=100
      |          ^
mian.c(69): warning: invalid UTF-8 in comment [-Winvalid-utf8]
   69 |       // <C0><FD><D7><D3>3<A3><BA><C9><CF>λ<BB><FA><B4><FA><C2><EB>  printh 55 03 64 00 ff ff ff  <BA><AC><D2>壺h1.val=100
      |                           ^
mian.c(69): warning: invalid UTF-8 in comment [-Winvalid-utf8]
   69 |       // <C0><FD><D7><D3>3<A3><BA><C9><CF>λ<BB><FA><B4><FA><C2><EB>  printh 55 03 64 00 ff ff ff  <BA><AC><D2>壺h1.val=100
      |                                            ^
mian.c(69): warning: invalid UTF-8 in comment [-Winvalid-utf8]
   69 |       // <C0><FD><D7><D3>3<A3><BA><C9><CF>λ<BB><FA><B4><FA><C2><EB>  printh 55 03 64 00 ff ff ff  <BA><AC><D2>壺h1.val=100
      |                                                                                                   ^
mian.c(70): warning: invalid UTF-8 in comment [-Winvalid-utf8]
   70 |       // <C0><FD><D7><D3>4<A3><BA><C9><CF>λ<BB><FA><B4><FA><C2><EB>  printh 55 03 00 00 ff ff ff  <BA><AC><D2>壺h1.val=0
      |          ^
mian.c(70): warning: invalid UTF-8 in comment [-Winvalid-utf8]
   70 |       // <C0><FD><D7><D3>4<A3><BA><C9><CF>λ<BB><FA><B4><FA><C2><EB>  printh 55 03 00 00 ff ff ff  <BA><AC><D2>壺h1.val=0
      |                           ^
mian.c(70): warning: invalid UTF-8 in comment [-Winvalid-utf8]
   70 |       // <C0><FD><D7><D3>4<A3><BA><C9><CF>λ<BB><FA><B4><FA><C2><EB>  printh 55 03 00 00 ff ff ff  <BA><AC><D2>壺h1.val=0
      |                                            ^
mian.c(70): warning: invalid UTF-8 in comment [-Winvalid-utf8]
   70 |       // <C0><FD><D7><D3>4<A3><BA><C9><CF>λ<BB><FA><B4><FA><C2><EB>  printh 55 03 00 00 ff ff ff  <BA><AC><D2>壺h1.val=0
      |                                                                                                   ^
mian.c(72): warning: invalid UTF-8 in comment [-Winvalid-utf8]
   72 |       // <B5><B1><B4><AE><BF>ڻ<BA><B3><E5><C7><F8><B4><F3><D3>ڵ<C8><D3><DA>һ֡<B5>ĳ<A4><B6><C8>ʱ
      |          ^
mian.c(72): warning: invalid UTF-8 in comment [-Winvalid-utf8]
   72 |       // <B5><B1><B4><AE><BF>ڻ<BA><B3><E5><C7><F8><B4><F3><D3>ڵ<C8><D3><DA>һ֡<B5>ĳ<A4><B6><C8>ʱ
      |                               ^
mian.c(72): warning: invalid UTF-8 in comment [-Winvalid-utf8]
   72 |       // <B5><B1><B4><AE><BF>ڻ<BA><B3><E5><C7><F8><B4><F3><D3>ڵ<C8><D3><DA>һ֡<B5>ĳ<A4><B6><C8>ʱ
      |                                                                ^
mian.c(72): warning: invalid UTF-8 in comment [-Winvalid-utf8]
   72 |       // <B5><B1><B4><AE><BF>ڻ<BA><B3><E5><C7><F8><B4><F3><D3>ڵ<C8><D3><DA>һ֡<B5>ĳ<A4><B6><C8>ʱ
      |                                                                             ^
mian.c(72): warning: invalid UTF-8 in comment [-Winvalid-utf8]
   72 |       // <B5><B1><B4><AE><BF>ڻ<BA><B3><E5><C7><F8><B4><F3><D3>ڵ<C8><D3><DA>һ֡<B5>ĳ<A4><B6><C8>ʱ
      |                                                                                  ^
mian.c(75): warning: invalid UTF-8 in comment [-Winvalid-utf8]
   75 |          // У<D1><E9>֡ͷ֡β<CA>Ƿ<F1>ƥ<C5><E4>
      |              ^
mian.c(75): warning: invalid UTF-8 in comment [-Winvalid-utf8]
   75 |          // У<D1><E9>֡ͷ֡β<CA>Ƿ<F1>ƥ<C5><E4>
      |                        ^
mian.c(75): warning: invalid UTF-8 in comment [-Winvalid-utf8]
   75 |          // У<D1><E9>֡ͷ֡β<CA>Ƿ<F1>ƥ<C5><E4>
      |                             ^
mian.c(75): warning: invalid UTF-8 in comment [-Winvalid-utf8]
   75 |          // У<D1><E9>֡ͷ֡β<CA>Ƿ<F1>ƥ<C5><E4>
      |                                  ^
mian.c(78): warning: invalid UTF-8 in comment [-Winvalid-utf8]
   78 |             // ƥ<C5>䣬<BD><F8><D0>н<E2><CE><F6>
      |                 ^
mian.c(78): warning: invalid UTF-8 in comment [-Winvalid-utf8]
   78 |             // ƥ<C5>䣬<BD><F8><D0>н<E2><CE><F6>
      |                       ^
mian.c(78): warning: invalid UTF-8 in comment [-Winvalid-utf8]
   78 |             // ƥ<C5>䣬<BD><F8><D0>н<E2><CE><F6>
      |                                    ^
mian.c(97): warning: invalid UTF-8 in comment [-Winvalid-utf8]
   97 |                // <CF>·<A2><B5><C4><CA><C7>h0<BD><F8><B6><C8><CC><F5><B5><C4><D0><C5>Ϣ
      |                   ^
mian.c(97): warning: invalid UTF-8 in comment [-Winvalid-utf8]
   97 |                // <CF>·<A2><B5><C4><CA><C7>h0<BD><F8><B6><C8><CC><F5><B5><C4><D0><C5>Ϣ
      |                        ^
mian.c(97): warning: invalid UTF-8 in comment [-Winvalid-utf8]
   97 |                // <CF>·<A2><B5><C4><CA><C7>h0<BD><F8><B6><C8><CC><F5><B5><C4><D0><C5>Ϣ
      |                                              ^
mian.c(104): warning: invalid UTF-8 in comment [-Winvalid-utf8]
  104 |                // <CF>·<A2><B5><C4><CA><C7>h1<BD><F8><B6><C8><CC><F5><B5><C4><D0><C5>Ϣ
      |                   ^
mian.c(104): warning: invalid UTF-8 in comment [-Winvalid-utf8]
  104 |                // <CF>·<A2><B5><C4><CA><C7>h1<BD><F8><B6><C8><CC><F5><B5><C4><D0><C5>Ϣ
      |                        ^
mian.c(104): warning: invalid UTF-8 in comment [-Winvalid-utf8]
  104 |                // <CF>·<A2><B5><C4><CA><C7>h1<BD><F8><B6><C8><CC><F5><B5><C4><D0><C5>Ϣ
      |                                              ^
mian.c(109): warning: invalid UTF-8 in comment [-Winvalid-utf8]
  109 |             udelete(7); // ɾ<B3><FD><BD><E2><CE><F6><B9><FD><B5><C4><CA><FD><BE><DD>
      |                             ^
mian.c(114): warning: invalid UTF-8 in comment [-Winvalid-utf8]
  114 |             // <B2><BB>ƥ<C5><E4>ɾ<B3><FD>1<D7>ֽ<DA>
      |                ^
mian.c(114): warning: invalid UTF-8 in comment [-Winvalid-utf8]
  114 |             // <B2><BB>ƥ<C5><E4>ɾ<B3><FD>1<D7>ֽ<DA>
      |                         ^
mian.c(114): warning: invalid UTF-8 in comment [-Winvalid-utf8]
  114 |             // <B2><BB>ƥ<C5><E4>ɾ<B3><FD>1<D7>ֽ<DA>
      |                                  ^
mian.c(114): warning: invalid UTF-8 in comment [-Winvalid-utf8]
  114 |             // <B2><BB>ƥ<C5><E4>ɾ<B3><FD>1<D7>ֽ<DA>
      |                                           ^
mian.c(114): warning: invalid UTF-8 in comment [-Winvalid-utf8]
  114 |             // <B2><BB>ƥ<C5><E4>ɾ<B3><FD>1<D7>ֽ<DA>
      |                                               ^
mian.c(21): warning: mixing declarations and code is incompatible with standards before C99 [-Wdeclaration-after-statement]
   21 |    int a = 100;
      |        ^
mian.c(122): warning: a function declaration without a prototype is deprecated in all versions of C [-Wstrict-prototypes]
  122 | void SysTick_Handler()
      |                     ^
      |                      void
mian.c(131): warning: invalid UTF-8 in comment [-Winvalid-utf8]
  131 | // <B4><AE><BF>ڵ<C4><D6>жϷ<FE><CE><F1><BA><AF><CA><FD>
      |    ^
mian.c(131): warning: invalid UTF-8 in comment [-Winvalid-utf8]
  131 | // <B4><AE><BF>ڵ<C4><D6>жϷ<FE><CE><F1><BA><AF><CA><FD>
      |                 ^
mian.c(131): warning: invalid UTF-8 in comment [-Winvalid-utf8]
  131 | // <B4><AE><BF>ڵ<C4><D6>жϷ<FE><CE><F1><BA><AF><CA><FD>
      |                           ^
mian.c(122): warning: no previous prototype for function 'SysTick_Handler' [-Wmissing-prototypes]
  122 | void SysTick_Handler()
      |      ^
mian.c(122): note: declare 'static' if the function is not intended to be used outside of this translation unit
  122 | void SysTick_Handler()
      | ^
      | static 
mian.c(134): warning: invalid UTF-8 in comment [-Winvalid-utf8]
  134 |    // <C8><E7><B9><FB><B2><FA><C9><FA><C1>˴<AE><BF><DA><D6>ж<CF>
      |       ^
mian.c(134): warning: invalid UTF-8 in comment [-Winvalid-utf8]
  134 |    // <C8><E7><B9><FB><B2><FA><C9><FA><C1>˴<AE><BF><DA><D6>ж<CF>
      |                                            ^
mian.c(134): warning: invalid UTF-8 in comment [-Winvalid-utf8]
  134 |    // <C8><E7><B9><FB><B2><FA><C9><FA><C1>˴<AE><BF><DA><D6>ж<CF>
      |                                                             ^
mian.c(137): warning: invalid UTF-8 in comment [-Winvalid-utf8]
  137 |    case DL_UART_MAIN_IIDX_RX: // <C8><E7><B9><FB><CA>ǽ<D3><CA><D5><D6>ж<CF>
      |                                  ^
mian.c(137): warning: invalid UTF-8 in comment [-Winvalid-utf8]
  137 |    case DL_UART_MAIN_IIDX_RX: // <C8><E7><B9><FB><CA>ǽ<D3><CA><D5><D6>ж<CF>
      |                                                       ^
mian.c(137): warning: invalid UTF-8 in comment [-Winvalid-utf8]
  137 |    case DL_UART_MAIN_IIDX_RX: // <C8><E7><B9><FB><CA>ǽ<D3><CA><D5><D6>ж<CF>
      |                                                                        ^
mian.c(138): warning: invalid UTF-8 in comment [-Winvalid-utf8]
  138 |       // <BD>ӷ<A2><CB><U+0379><FD><C0><B4><B5><C4><CA><FD><BE>ݱ<A3><B4><E6><D4>ڱ<E4><C1><BF><D6><D0>
      |          ^
mian.c(138): warning: invalid UTF-8 in comment [-Winvalid-utf8]
  138 |       // <BD>ӷ<A2><CB><U+0379><FD><C0><B4><B5><C4><CA><FD><BE>ݱ<A3><B4><E6><D4>ڱ<E4><C1><BF><D6><D0>
      |               ^
mian.c(138): warning: invalid UTF-8 in comment [-Winvalid-utf8]
  138 |       // <BD>ӷ<A2><CB><U+0379><FD><C0><B4><B5><C4><CA><FD><BE>ݱ<A3><B4><E6><D4>ڱ<E4><C1><BF><D6><D0>
      |                               ^
mian.c(138): warning: invalid UTF-8 in comment [-Winvalid-utf8]
  138 |       // <BD>ӷ<A2><CB><U+0379><FD><C0><B4><B5><C4><CA><FD><BE>ݱ<A3><B4><E6><D4>ڱ<E4><C1><BF><D6><D0>
      |                                                                ^
mian.c(138): warning: invalid UTF-8 in comment [-Winvalid-utf8]
  138 |       // <BD>ӷ<A2><CB><U+0379><FD><C0><B4><B5><C4><CA><FD><BE>ݱ<A3><B4><E6><D4>ڱ<E4><C1><BF><D6><D0>
      |                                                                                 ^
mian.c(140): warning: invalid UTF-8 in comment [-Winvalid-utf8]
  140 |       // <BD><AB><B1><A3><B4><E6><B5><C4><CA><FD><BE><DD><D4>ٷ<A2><CB>ͳ<F6>ȥ
      |          ^
mian.c(140): warning: invalid UTF-8 in comment [-Winvalid-utf8]
  140 |       // <BD><AB><B1><A3><B4><E6><B5><C4><CA><FD><BE><DD><D4>ٷ<A2><CB>ͳ<F6>ȥ
      |                                                               ^
mian.c(140): warning: invalid UTF-8 in comment [-Winvalid-utf8]
  140 |       // <BD><AB><B1><A3><B4><E6><B5><C4><CA><FD><BE><DD><D4>ٷ<A2><CB>ͳ<F6>ȥ
      |                                                                        ^
mian.c(145): warning: invalid UTF-8 in comment [-Winvalid-utf8]
  145 |    default: // <C6><E4><CB><FB><B5>Ĵ<AE><BF><DA><D6>ж<CF>
      |                ^
mian.c(145): warning: invalid UTF-8 in comment [-Winvalid-utf8]
  145 |    default: // <C6><E4><CB><FB><B5>Ĵ<AE><BF><DA><D6>ж<CF>
      |                                     ^
mian.c(145): warning: invalid UTF-8 in comment [-Winvalid-utf8]
  145 |    default: // <C6><E4><CB><FB><B5>Ĵ<AE><BF><DA><D6>ж<CF>
      |                                                      ^
mian.c(135): warning: 18 enumeration values not explicitly handled in switch: 'DL_UART_IIDX_NO_INTERRUPT', 'DL_UART_IIDX_RX_TIMEOUT_ERROR', 'DL_UART_IIDX_FRAMING_ERROR'... [-Wswitch-enum]
  135 |    switch (DL_UART_Main_getPendingInterrupt(UART_0_INST))
      |            ^~~~~~~~~~~~~~~~~~~~~~~~~~~~~~~~~~~~~~~~~~~~~
C:\Keil_v5\ARM\ARMCLANG\Bin\..\include\ti/driverlib/dl_uart_main.h(938): note: expanded from macro 'DL_UART_Main_getPendingInterrupt'
  938 | #define DL_UART_Main_getPendingInterrupt            DL_UART_getPendingInterrupt
      |                                                     ^
mian.c(148): warning: no newline at end of file [-Wnewline-eof]
  148 | }
      |  ^
mian.c(132): warning: no previous prototype for function 'UART0_IRQHandler' [-Wmissing-prototypes]
  132 | void UART_0_INST_IRQHandler(void)
      |      ^
../MCU_Drives\ti_msp_dl_config.h(84): note: expanded from macro 'UART_0_INST_IRQHandler'
   84 | #define UART_0_INST_IRQHandler                                  UART0_IRQHandler
      |                                                                 ^
mian.c(132): note: declare 'static' if the function is not intended to be used outside of this translation unit
  132 | void UART_0_INST_IRQHandler(void)
      | ^
      | static 
158 warnings generated.
compiling mian.c...
linking...
Program Size: Code=3166 RO-data=242 RW-data=0 ZI-data=872  
".\Objects\GPIO_SET.axf" - 0 Error(s), 158 Warning(s).

<h2>Software Packages used:</h2>

Package Vendor: TexasInstruments
                https://software-dl.ti.com/msp430/esd/MSPM0-CMSIS/MSPM0G1X0X_G3X0X/latest/exports/TexasInstruments.MSPM0G1X0X_G3X0X_DFP.1.3.1.pack
                TexasInstruments::MSPM0G1X0X_G3X0X_DFP@1.3.1
                Device Family Pack for Texas Instruments MSPM0G1X0X_G3X0X Series

<h2>Collection of Component include folders:</h2>

<h2>Collection of Component Files used:</h2>
Build Time Elapsed:  00:00:01
</pre>
</body>
</html>
