<html>
<body>
<pre>
<h1>µVision Build Log</h1>
<h2>Tool Versions:</h2>
IDE-Version: ¦ÌVision V5.39.0.0
Copyright (C) 2023 ARM Ltd and ARM Germany GmbH. All rights reserved.
License Information: Li half, 1, LIC=WHYH9-4LVNG-303NC-7K85N-UNX0E-DVAHJ
 
Tool Versions:
Toolchain:       MDK-ARM Plus  Version: 5.39.0.0
Toolchain Path:  C:\Keil_v5\ARM\ARMCLANG\Bin
C Compiler:      ArmClang.exe V6.21
Assembler:       Armasm.exe V6.21
Linker/Locator:  ArmLink.exe V6.21
Library Manager: ArmAr.exe V6.21
Hex Converter:   FromElf.exe V6.21
CPU DLL:         SARMCM3.DLL V5.39.0.0
Dialog DLL:      DARMCM1.DLL V1.19.6.0
Target DLL:      CMSIS_AGDI.dll V1.33.16.0
Dialog DLL:      TARMCM1.DLL V1.14.6.0
 
<h2>Project:</h2>
D:\MSPM0\[5.1]TIM_INTER\keil\GPIO_SET.uvprojx
Project File Date:  07/10/2025

<h2>Output:</h2>
*** Using Compiler 'V6.21', folder: 'C:\Keil_v5\ARM\ARMCLANG\Bin'
Build target 'Target 1'
mian.c(25): warning: 18 enumeration values not explicitly handled in switch: 'DL_TIMER_IIDX_ZERO', 'DL_TIMER_IIDX_CC0_DN', 'DL_TIMER_IIDX_CC1_DN'... [-Wswitch-enum]
   25 |     switch(DL_TimerA_getPendingInterrupt(TIMER_0_INST)){
      |            ^~~~~~~~~~~~~~~~~~~~~~~~~~~~~~~~~~~~~~~~~~~
C:\Keil_v5\ARM\ARMCLANG\Bin\..\include\ti/driverlib/dl_timera.h(1507): note: expanded from macro 'DL_TimerA_getPendingInterrupt'
 1507 | #define DL_TimerA_getPendingInterrupt               DL_Timer_getPendingInterrupt
      |                                                     ^
mian.c(22): warning: no previous prototype for function 'TIMA0_IRQHandler' [-Wmissing-prototypes]
   22 | void TIMER_0_INST_IRQHandler(void)
      |      ^
../MCU_Drives\ti_msp_dl_config.h(83): note: expanded from macro 'TIMER_0_INST_IRQHandler'
   83 | #define TIMER_0_INST_IRQHandler                                 TIMA0_IRQHandler
      |                                                                 ^
mian.c(22): note: declare 'static' if the function is not intended to be used outside of this translation unit
   22 | void TIMER_0_INST_IRQHandler(void)
      | ^
      | static 
mian.c(5): warning: no previous extern declaration for non-static variable 'key' [-Wmissing-variable-declarations]
    5 | uint8_t key;
      |         ^
mian.c(5): note: declare 'static' if the variable is not intended to be used outside of this translation unit
    5 | uint8_t key;
      | ^
3 warnings generated.
compiling mian.c...
linking...
Program Size: Code=980 RO-data=236 RW-data=0 ZI-data=544  
".\Objects\GPIO_SET.axf" - 0 Error(s), 3 Warning(s).

<h2>Software Packages used:</h2>

Package Vendor: TexasInstruments
                https://software-dl.ti.com/msp430/esd/MSPM0-CMSIS/MSPM0G1X0X_G3X0X/latest/exports/TexasInstruments.MSPM0G1X0X_G3X0X_DFP.1.3.1.pack
                TexasInstruments::MSPM0G1X0X_G3X0X_DFP@1.3.1
                Device Family Pack for Texas Instruments MSPM0G1X0X_G3X0X Series

<h2>Collection of Component include folders:</h2>

<h2>Collection of Component Files used:</h2>
Build Time Elapsed:  00:00:01
</pre>
</body>
</html>
