<html>
<body>
<pre>
<h1>�Vision Build Log</h1>
<h2>Tool Versions:</h2>
IDE-Version: ��Vision V5.39.0.0
Copyright (C) 2023 ARM Ltd and ARM Germany GmbH. All rights reserved.
License Information: Li half, 1, LIC=WHYH9-4LVNG-303NC-7K85N-UNX0E-DVAHJ
 
Tool Versions:
Toolchain:       MDK-ARM Plus  Version: 5.39.0.0
Toolchain Path:  C:\Keil_v5\ARM\ARMCLANG\Bin
C Compiler:      ArmClang.exe V6.21
Assembler:       Armasm.exe V6.21
Linker/Locator:  ArmLink.exe V6.21
Library Manager: ArmAr.exe V6.21
Hex Converter:   FromElf.exe V6.21
CPU DLL:         SARMCM3.DLL V5.39.0.0
Dialog DLL:      DARMCM1.DLL V1.19.6.0
Target DLL:      CMSIS_AGDI.dll V1.33.16.0
Dialog DLL:      TARMCM1.DLL V1.14.6.0
 
<h2>Project:</h2>
D:\MSPM0\[6.3]UART_DMA\keil\GPIO_SET.uvprojx
Project File Date:  07/10/2025

<h2>Output:</h2>
*** Using Compiler 'V6.21', folder: 'C:\Keil_v5\ARM\ARMCLANG\Bin'
Rebuild target 'Target 1'
assembling startup_mspm0g350x_uvision.s...
mian.c(5): warning: no previous extern declaration for non-static variable 'gTxPacket' [-Wmissing-variable-declarations]
    5 | const uint8_t gTxPacket[]="Hello World";
      |               ^
mian.c(5): note: declare 'static' if the variable is not intended to be used outside of this translation unit
    5 | const uint8_t gTxPacket[]="Hello World";
      |       ^
mian.c(50): warning: 16 enumeration values not explicitly handled in switch: 'DL_UART_IIDX_NO_INTERRUPT', 'DL_UART_IIDX_RX_TIMEOUT_ERROR', 'DL_UART_IIDX_FRAMING_ERROR'... [-Wswitch-enum]
   50 |     switch(DL_UART_Main_getPendingInterrupt(UART_0_INST))
      |            ^~~~~~~~~~~~~~~~~~~~~~~~~~~~~~~~~~~~~~~~~~~~~
C:\Keil_v5\ARM\ARMCLANG\Bin\..\include\ti/driverlib/dl_uart_main.h(938): note: expanded from macro 'DL_UART_Main_getPendingInterrupt'
  938 | #define DL_UART_Main_getPendingInterrupt            DL_UART_getPendingInterrupt
      |                                                     ^
mian.c(48): warning: no previous prototype for function 'UART0_IRQHandler' [-Wmissing-prototypes]
   48 | void UART_0_INST_IRQHandler(void)//串口0接收中断函数
      |      ^
../MCU_Drives\ti_msp_dl_config.h(84): note: expanded from macro 'UART_0_INST_IRQHandler'
   84 | #define UART_0_INST_IRQHandler                                  UART0_IRQHandler
      |                                                                 ^
mian.c(48): note: declare 'static' if the function is not intended to be used outside of this translation unit
   48 | void UART_0_INST_IRQHandler(void)//串口0接收中断函数
      | ^
      | static 
mian.c(7): warning: no previous extern declaration for non-static variable 'gCheckUART' [-Wmissing-variable-declarations]
    7 | volatile bool gCheckUART,gDMADone;
      |               ^
mian.c(7): note: declare 'static' if the variable is not intended to be used outside of this translation unit
    7 | volatile bool gCheckUART,gDMADone;
      |          ^
C:\Keil_v5\ARM\ARMCLANG\Bin\..\include\stdbool.h(15): note: expanded from macro 'bool'
   15 |     #define bool _Bool
      |                  ^
mian.c(7): warning: no previous extern declaration for non-static variable 'gDMADone' [-Wmissing-variable-declarations]
    7 | volatile bool gCheckUART,gDMADone;
      |                          ^
mian.c(7): note: declare 'static' if the variable is not intended to be used outside of this translation unit
    7 | volatile bool gCheckUART,gDMADone;
      |          ^
C:\Keil_v5\ARM\ARMCLANG\Bin\..\include\stdbool.h(15): note: expanded from macro 'bool'
   15 |     #define bool _Bool
      |                  ^
5 warnings generated.
compiling mian.c...
compiling LED.c...
compiling Key.c...
../MCU_Drives/ti_msp_dl_config.c(118): warning: cast from 'const DL_UART_ClockConfig *' to 'DL_UART_ClockConfig *' drops const qualifier [-Wcast-qual]
  118 |     DL_UART_Main_setClockConfig(UART_0_INST, (DL_UART_Main_ClockConfig *) &gUART_0ClockConfig);
      |                                                                           ^
../MCU_Drives/ti_msp_dl_config.c(120): warning: cast from 'const DL_UART_Config *' to 'DL_UART_Config *' drops const qualifier [-Wcast-qual]
  120 |     DL_UART_Main_init(UART_0_INST, (DL_UART_Main_Config *) &gUART_0Config);
      |                                                            ^
../MCU_Drives/ti_msp_dl_config.c(159): warning: cast from 'const DL_DMA_Config *' to 'DL_DMA_Config *' drops const qualifier [-Wcast-qual]
  159 |     DL_DMA_initChannel(DMA, DMA_CH0_CHAN_ID , (DL_DMA_Config *) &gDMA_CH0Config);
      |                                                                 ^
../MCU_Drives/ti_msp_dl_config.c(157): warning: no previous prototype for function 'SYSCFG_DL_DMA_CH0_init' [-Wmissing-prototypes]
  157 | SYSCONFIG_WEAK void SYSCFG_DL_DMA_CH0_init(void)
      |                     ^
../MCU_Drives/ti_msp_dl_config.c(157): note: declare 'static' if the function is not intended to be used outside of this translation unit
  157 | SYSCONFIG_WEAK void SYSCFG_DL_DMA_CH0_init(void)
      |                ^
      |                static 
4 warnings generated.
compiling ti_msp_dl_config.c...
linking...
Program Size: Code=1088 RO-data=256 RW-data=0 ZI-data=360  
".\Objects\GPIO_SET.axf" - 0 Error(s), 9 Warning(s).

<h2>Software Packages used:</h2>

Package Vendor: TexasInstruments
                https://software-dl.ti.com/msp430/esd/MSPM0-CMSIS/MSPM0G1X0X_G3X0X/latest/exports/TexasInstruments.MSPM0G1X0X_G3X0X_DFP.1.3.1.pack
                TexasInstruments::MSPM0G1X0X_G3X0X_DFP@1.3.1
                Device Family Pack for Texas Instruments MSPM0G1X0X_G3X0X Series

<h2>Collection of Component include folders:</h2>

<h2>Collection of Component Files used:</h2>
Build Time Elapsed:  00:00:00
</pre>
</body>
</html>
