<html>
<body>
<pre>
<h1>µVision Build Log</h1>
<h2>Tool Versions:</h2>
IDE-Version: ¦ÌVision V5.40.0.0
Copyright (C) 2024 ARM Ltd and ARM Germany GmbH. All rights reserved.
License Information: SHANDIAN SD, SZSD, LIC=X96CK-ZVJEH-IIV5V-PCWGS-2VWYI-JA15Z
 
Tool Versions:
Toolchain:       MDK-ARM Plus  Version: 5.40.0.3
Toolchain Path:  C:\Keil_v5\ARM\ARMCLANG\Bin
C Compiler:      ArmClang.exe V6.22
Assembler:       Armasm.exe V6.22
Linker/Locator:  ArmLink.exe V6.22
Library Manager: ArmAr.exe V6.22
Hex Converter:   FromElf.exe V6.22
CPU DLL:         SARMCM3.DLL V5.40.0.3
Dialog DLL:      DARMCM1.DLL V1.19.6.0
Target DLL:      CMSIS_AGDI.dll V1.33.18.0
Dialog DLL:      TARMCM1.DLL V1.14.6.0
 
<h2>Project:</h2>
C:\TI\M0_SDK\mspm0_sdk_1_30_00_03\examples\nortos\LP_MSPM0L1306\driverlib\uart_echo_interrupts_standby\keil\uart_echo_interrupts_standby_LP_MSPM0L1306_nortos_keil.uvprojx
Project File Date:  09/18/2024

<h2>Output:</h2>
*** Using Compiler 'V6.22', folder: 'C:\Keil_v5\ARM\ARMCLANG\Bin'
Rebuild target 'uart_echo_interrupts_standby_LP_MSPM0L1306_nortos_keil'
Before Build - User command #1: cmd.exe /C "C:\TI\M0_SDK\mspm0_sdk_1_30_00_03\examples\nortos\LP_MSPM0L1306\driverlib\uart_echo_interrupts_standby\keil\../../../../../../tools/keil/syscfg.bat 'C:\TI\M0_SDK\mspm0_sdk_1_30_00_03\examples\nortos\LP_MSPM0L1306\driverlib\uart_echo_interrupts_standby\keil\' uart_echo_interrupts_standby.syscfg"
Using Sysconfig Tool from "C:\ti\SYSCONFIG\sysconfig_cli.bat"
"Update the file located at <sdk path>/tools/keil/syscfg.bat to use a different version"
Running script...
Validating...
info: /ti/project_config/ProjectConfig deviceSpin: Note: User must select a device after migration. 
Generating Code (uart_echo_interrupts_standby.syscfg)...
Unchanged C:\TI\M0_SDK\mspm0_sdk_1_30_00_03\examples\nortos\LP_MSPM0L1306\driverlib\uart_echo_interrupts_standby\ti_msp_dl_config.c...
Unchanged C:\TI\M0_SDK\mspm0_sdk_1_30_00_03\examples\nortos\LP_MSPM0L1306\driverlib\uart_echo_interrupts_standby\ti_msp_dl_config.h...
Unchanged C:\TI\M0_SDK\mspm0_sdk_1_30_00_03\examples\nortos\LP_MSPM0L1306\driverlib\uart_echo_interrupts_standby\Event.dot...
assembling startup_mspm0l130x_uvision.s...
compiling ti_msp_dl_config.c...
compiling uart_echo_interrupts_standby.c...
compiling tjc_usart_hmi.c...
linking...
Program Size: Code=3178 RO-data=238 RW-data=0 ZI-data=872  
FromELF: creating hex file...
".\Objects\uart_echo_interrupts_standby_LP_MSPM0L1306_nortos_keil.axf" - 0 Error(s), 0 Warning(s).

<h2>Software Packages used:</h2>

Package Vendor: TexasInstruments
                https://software-dl.ti.com/msp430/esd/MSPM0-CMSIS/MSPM0L11XX_L13XX/latest/exports/TexasInstruments.MSPM0L11XX_L13XX_DFP.1.3.0.pack
                TexasInstruments::MSPM0L11XX_L13XX_DFP@1.3.0
                Device Family Pack for Texas Instruments MSPM0L11XX_L13XX Series

<h2>Collection of Component include folders:</h2>

<h2>Collection of Component Files used:</h2>
Build Time Elapsed:  00:00:02
</pre>
</body>
</html>
